// Jest Snapshot v1, https://goo.gl/fbAQLP

exports[`App renders correctly 1`] = `
<RCTSafeAreaView
  style={
    {
      "alignItems": "center",
      "backgroundColor": "#fff",
      "flex": 1,
      "flexDirection": "row",
      "justifyContent": "center",
      "width": "100%",
    }
  }
>
  <View>
    <View
      className="Display"
    >
      <View>
        <Text>
          OperationDisplay
        </Text>
        <Text>
          Current Calculation:
        </Text>
        <Text>
          0
        </Text>
      </View>
    </View>
    <View
      className="Buttons"
    >
      <View>
        <View>
          <View>
            <View
              accessibilityState={
                {
                  "busy": undefined,
                  "checked": undefined,
                  "disabled": undefined,
                  "expanded": undefined,
                  "selected": undefined,
                }
              }
              accessibilityValue={
                {
                  "max": undefined,
                  "min": undefined,
                  "now": undefined,
                  "text": undefined,
                }
              }
              accessible={true}
              collapsable={false}
              focusable={true}
              onClick={[Function]}
              onResponderGrant={[Function]}
              onResponderMove={[Function]}
              onResponderRelease={[Function]}
              onResponderTerminate={[Function]}
              onResponderTerminationRequest={[Function]}
              onStartShouldSetResponder={[Function]}
              style={
                {
                  "backgroundColor": "yellow",
                  "borderColor": "black",
                  "borderWidth": 1,
                  "justifyContent": "space-evenly",
                  "opacity": 1,
                  "width": "100%",
                }
              }
            >
              <Text>
                +
              </Text>
            </View>
            <View
              accessibilityState={
                {
                  "busy": undefined,
                  "checked": undefined,
                  "disabled": undefined,
                  "expanded": undefined,
                  "selected": undefined,
                }
              }
              accessibilityValue={
                {
                  "max": undefined,
                  "min": undefined,
                  "now": undefined,
                  "text": undefined,
                }
              }
              accessible={true}
              collapsable={false}
              focusable={true}
              onClick={[Function]}
              onResponderGrant={[Function]}
              onResponderMove={[Function]}
              onResponderRelease={[Function]}
              onResponderTerminate={[Function]}
              onResponderTerminationRequest={[Function]}
              onStartShouldSetResponder={[Function]}
              style={
                {
                  "backgroundColor": "yellow",
                  "borderColor": "black",
                  "borderWidth": 1,
                  "justifyContent": "space-evenly",
                  "opacity": 1,
                  "width": "100%",
                }
              }
            >
              <Text>
                -
              </Text>
            </View>
            <View
              accessibilityState={
                {
                  "busy": undefined,
                  "checked": undefined,
                  "disabled": undefined,
                  "expanded": undefined,
                  "selected": undefined,
                }
              }
              accessibilityValue={
                {
                  "max": undefined,
                  "min": undefined,
                  "now": undefined,
                  "text": undefined,
                }
              }
              accessible={true}
              collapsable={false}
              focusable={true}
              onClick={[Function]}
              onResponderGrant={[Function]}
              onResponderMove={[Function]}
              onResponderRelease={[Function]}
              onResponderTerminate={[Function]}
              onResponderTerminationRequest={[Function]}
              onStartShouldSetResponder={[Function]}
              style={
                {
                  "backgroundColor": "yellow",
                  "borderColor": "black",
                  "borderWidth": 1,
                  "justifyContent": "space-evenly",
                  "opacity": 1,
                  "width": "100%",
                }
              }
            >
              <Text>
                x
              </Text>
            </View>
            <View
              accessibilityState={
                {
                  "busy": undefined,
                  "checked": undefined,
                  "disabled": undefined,
                  "expanded": undefined,
                  "selected": undefined,
                }
              }
              accessibilityValue={
                {
                  "max": undefined,
                  "min": undefined,
                  "now": undefined,
                  "text": undefined,
                }
              }
              accessible={true}
              collapsable={false}
              focusable={true}
              onClick={[Function]}
              onResponderGrant={[Function]}
              onResponderMove={[Function]}
              onResponderRelease={[Function]}
              onResponderTerminate={[Function]}
              onResponderTerminationRequest={[Function]}
              onStartShouldSetResponder={[Function]}
              style={
                {
                  "backgroundColor": "yellow",
                  "borderColor": "black",
                  "borderWidth": 1,
                  "justifyContent": "space-evenly",
                  "opacity": 1,
                  "width": "100%",
                }
              }
            >
              <Text>
                /
              </Text>
            </View>
          </View>
          <View>
            <View
              accessibilityState={
                {
                  "busy": undefined,
                  "checked": undefined,
                  "disabled": undefined,
                  "expanded": undefined,
                  "selected": undefined,
                }
              }
              accessibilityValue={
                {
                  "max": undefined,
                  "min": undefined,
                  "now": undefined,
                  "text": undefined,
                }
              }
              accessible={true}
              collapsable={false}
              focusable={true}
              onClick={[Function]}
              onResponderGrant={[Function]}
              onResponderMove={[Function]}
              onResponderRelease={[Function]}
              onResponderTerminate={[Function]}
              onResponderTerminationRequest={[Function]}
              onStartShouldSetResponder={[Function]}
              style={
                {
                  "backgroundColor": "yellow",
                  "borderColor": "black",
                  "borderWidth": 1,
                  "justifyContent": "space-evenly",
                  "opacity": 1,
                  "width": "100%",
                }
              }
            >
              <Text>
                0
              </Text>
            </View>
            <View
              accessibilityState={
                {
                  "busy": undefined,
                  "checked": undefined,
                  "disabled": undefined,
                  "expanded": undefined,
                  "selected": undefined,
                }
              }
              accessibilityValue={
                {
                  "max": undefined,
                  "min": undefined,
                  "now": undefined,
                  "text": undefined,
                }
              }
              accessible={true}
              collapsable={false}
              focusable={true}
              onClick={[Function]}
              onResponderGrant={[Function]}
              onResponderMove={[Function]}
              onResponderRelease={[Function]}
              onResponderTerminate={[Function]}
              onResponderTerminationRequest={[Function]}
              onStartShouldSetResponder={[Function]}
              style={
                {
                  "backgroundColor": "yellow",
                  "borderColor": "black",
                  "borderWidth": 1,
                  "justifyContent": "space-evenly",
                  "opacity": 1,
                  "width": "100%",
                }
              }
            >
              <Text>
                .
              </Text>
            </View>
            <View
              accessibilityState={
                {
                  "busy": undefined,
                  "checked": undefined,
                  "disabled": undefined,
                  "expanded": undefined,
                  "selected": undefined,
                }
              }
              accessibilityValue={
                {
                  "max": undefined,
                  "min": undefined,
                  "now": undefined,
                  "text": undefined,
                }
              }
              accessible={true}
              collapsable={false}
              focusable={true}
              onClick={[Function]}
              onResponderGrant={[Function]}
              onResponderMove={[Function]}
              onResponderRelease={[Function]}
              onResponderTerminate={[Function]}
              onResponderTerminationRequest={[Function]}
              onStartShouldSetResponder={[Function]}
              style={
                {
                  "backgroundColor": "yellow",
                  "borderColor": "black",
                  "borderWidth": 1,
                  "justifyContent": "space-evenly",
                  "opacity": 1,
                  "width": "100%",
                }
              }
            >
              <Text>
                DEL
              </Text>
            </View>
          </View>
          <View>
            <View
              accessibilityState={
                {
                  "busy": undefined,
                  "checked": undefined,
                  "disabled": undefined,
                  "expanded": undefined,
                  "selected": undefined,
                }
              }
              accessibilityValue={
                {
                  "max": undefined,
                  "min": undefined,
                  "now": undefined,
                  "text": undefined,
                }
              }
              accessible={true}
              collapsable={false}
              focusable={true}
              onBlur={[Function]}
              onClick={[Function]}
              onFocus={[Function]}
              onResponderGrant={[Function]}
              onResponderMove={[Function]}
              onResponderRelease={[Function]}
              onResponderTerminate={[Function]}
              onResponderTerminationRequest={[Function]}
              onStartShouldSetResponder={[Function]}
              style={
                {
                  "backgroundColor": "yellow",
                  "borderColor": "black",
                  "borderWidth": 1,
                  "justifyContent": "space-evenly",
                  "width": "100%",
                }
              }
              title={1}
            >
              <Text>
                1
              </Text>
            </View>
            <View
              accessibilityState={
                {
                  "busy": undefined,
                  "checked": undefined,
                  "disabled": undefined,
                  "expanded": undefined,
                  "selected": undefined,
                }
              }
              accessibilityValue={
                {
                  "max": undefined,
                  "min": undefined,
                  "now": undefined,
                  "text": undefined,
                }
              }
              accessible={true}
              collapsable={false}
              focusable={true}
              onBlur={[Function]}
              onClick={[Function]}
              onFocus={[Function]}
              onResponderGrant={[Function]}
              onResponderMove={[Function]}
              onResponderRelease={[Function]}
              onResponderTerminate={[Function]}
              onResponderTerminationRequest={[Function]}
              onStartShouldSetResponder={[Function]}
              style={
                {
                  "backgroundColor": "yellow",
                  "borderColor": "black",
                  "borderWidth": 1,
                  "justifyContent": "space-evenly",
                  "width": "100%",
                }
              }
              title={2}
            >
              <Text>
                2
              </Text>
            </View>
            <View
              accessibilityState={
                {
                  "busy": undefined,
                  "checked": undefined,
                  "disabled": undefined,
                  "expanded": undefined,
                  "selected": undefined,
                }
              }
              accessibilityValue={
                {
                  "max": undefined,
                  "min": undefined,
                  "now": undefined,
                  "text": undefined,
                }
              }
              accessible={true}
              collapsable={false}
              focusable={true}
              onBlur={[Function]}
              onClick={[Function]}
              onFocus={[Function]}
              onResponderGrant={[Function]}
              onResponderMove={[Function]}
              onResponderRelease={[Function]}
              onResponderTerminate={[Function]}
              onResponderTerminationRequest={[Function]}
              onStartShouldSetResponder={[Function]}
              style={
                {
                  "backgroundColor": "yellow",
                  "borderColor": "black",
                  "borderWidth": 1,
                  "justifyContent": "space-evenly",
                  "width": "100%",
                }
              }
              title={3}
            >
              <Text>
                3
              </Text>
            </View>
            <View
              accessibilityState={
                {
                  "busy": undefined,
                  "checked": undefined,
                  "disabled": undefined,
                  "expanded": undefined,
                  "selected": undefined,
                }
              }
              accessibilityValue={
                {
                  "max": undefined,
                  "min": undefined,
                  "now": undefined,
                  "text": undefined,
                }
              }
              accessible={true}
              collapsable={false}
              focusable={true}
              onBlur={[Function]}
              onClick={[Function]}
              onFocus={[Function]}
              onResponderGrant={[Function]}
              onResponderMove={[Function]}
              onResponderRelease={[Function]}
              onResponderTerminate={[Function]}
              onResponderTerminationRequest={[Function]}
              onStartShouldSetResponder={[Function]}
              style={
                {
                  "backgroundColor": "yellow",
                  "borderColor": "black",
                  "borderWidth": 1,
                  "justifyContent": "space-evenly",
                  "width": "100%",
                }
              }
              title={4}
            >
              <Text>
                4
              </Text>
            </View>
            <View
              accessibilityState={
                {
                  "busy": undefined,
                  "checked": undefined,
                  "disabled": undefined,
                  "expanded": undefined,
                  "selected": undefined,
                }
              }
              accessibilityValue={
                {
                  "max": undefined,
                  "min": undefined,
                  "now": undefined,
                  "text": undefined,
                }
              }
              accessible={true}
              collapsable={false}
              focusable={true}
              onBlur={[Function]}
              onClick={[Function]}
              onFocus={[Function]}
              onResponderGrant={[Function]}
              onResponderMove={[Function]}
              onResponderRelease={[Function]}
              onResponderTerminate={[Function]}
              onResponderTerminationRequest={[Function]}
              onStartShouldSetResponder={[Function]}
              style={
                {
                  "backgroundColor": "yellow",
                  "borderColor": "black",
                  "borderWidth": 1,
                  "justifyContent": "space-evenly",
                  "width": "100%",
                }
              }
              title={5}
            >
              <Text>
                5
              </Text>
            </View>
            <View
              accessibilityState={
                {
                  "busy": undefined,
                  "checked": undefined,
                  "disabled": undefined,
                  "expanded": undefined,
                  "selected": undefined,
                }
              }
              accessibilityValue={
                {
                  "max": undefined,
                  "min": undefined,
                  "now": undefined,
                  "text": undefined,
                }
              }
              accessible={true}
              collapsable={false}
              focusable={true}
              onBlur={[Function]}
              onClick={[Function]}
              onFocus={[Function]}
              onResponderGrant={[Function]}
              onResponderMove={[Function]}
              onResponderRelease={[Function]}
              onResponderTerminate={[Function]}
              onResponderTerminationRequest={[Function]}
              onStartShouldSetResponder={[Function]}
              style={
                {
                  "backgroundColor": "yellow",
                  "borderColor": "black",
                  "borderWidth": 1,
                  "justifyContent": "space-evenly",
                  "width": "100%",
                }
              }
              title={6}
            >
              <Text>
                6
              </Text>
            </View>
            <View
              accessibilityState={
                {
                  "busy": undefined,
                  "checked": undefined,
                  "disabled": undefined,
                  "expanded": undefined,
                  "selected": undefined,
                }
              }
              accessibilityValue={
                {
                  "max": undefined,
                  "min": undefined,
                  "now": undefined,
                  "text": undefined,
                }
              }
              accessible={true}
              collapsable={false}
              focusable={true}
              onBlur={[Function]}
              onClick={[Function]}
              onFocus={[Function]}
              onResponderGrant={[Function]}
              onResponderMove={[Function]}
              onResponderRelease={[Function]}
              onResponderTerminate={[Function]}
              onResponderTerminationRequest={[Function]}
              onStartShouldSetResponder={[Function]}
              style={
                {
                  "backgroundColor": "yellow",
                  "borderColor": "black",
                  "borderWidth": 1,
                  "justifyContent": "space-evenly",
                  "width": "100%",
                }
              }
              title={7}
            >
              <Text>
                7
              </Text>
            </View>
            <View
              accessibilityState={
                {
                  "busy": undefined,
                  "checked": undefined,
                  "disabled": undefined,
                  "expanded": undefined,
                  "selected": undefined,
                }
              }
              accessibilityValue={
                {
                  "max": undefined,
                  "min": undefined,
                  "now": undefined,
                  "text": undefined,
                }
              }
              accessible={true}
              collapsable={false}
              focusable={true}
              onBlur={[Function]}
              onClick={[Function]}
              onFocus={[Function]}
              onResponderGrant={[Function]}
              onResponderMove={[Function]}
              onResponderRelease={[Function]}
              onResponderTerminate={[Function]}
              onResponderTerminationRequest={[Function]}
              onStartShouldSetResponder={[Function]}
              style={
                {
                  "backgroundColor": "yellow",
                  "borderColor": "black",
                  "borderWidth": 1,
                  "justifyContent": "space-evenly",
                  "width": "100%",
                }
              }
              title={8}
            >
              <Text>
                8
              </Text>
            </View>
            <View
              accessibilityState={
                {
                  "busy": undefined,
                  "checked": undefined,
                  "disabled": undefined,
                  "expanded": undefined,
                  "selected": undefined,
                }
              }
              accessibilityValue={
                {
                  "max": undefined,
                  "min": undefined,
                  "now": undefined,
                  "text": undefined,
                }
              }
              accessible={true}
              collapsable={false}
              focusable={true}
              onBlur={[Function]}
              onClick={[Function]}
              onFocus={[Function]}
              onResponderGrant={[Function]}
              onResponderMove={[Function]}
              onResponderRelease={[Function]}
              onResponderTerminate={[Function]}
              onResponderTerminationRequest={[Function]}
              onStartShouldSetResponder={[Function]}
              style={
                {
                  "backgroundColor": "yellow",
                  "borderColor": "black",
                  "borderWidth": 1,
                  "justifyContent": "space-evenly",
                  "width": "100%",
                }
              }
              title={9}
            >
              <Text>
                9
              </Text>
            </View>
          </View>
          <View
            accessibilityRole="button"
            accessibilityState={
              {
                "busy": undefined,
                "checked": undefined,
                "disabled": undefined,
                "expanded": undefined,
                "selected": undefined,
              }
            }
            accessibilityValue={
              {
                "max": undefined,
                "min": undefined,
                "now": undefined,
                "text": undefined,
              }
            }
            accessible={true}
            collapsable={false}
            focusable={true}
            onClick={[Function]}
            onResponderGrant={[Function]}
            onResponderMove={[Function]}
            onResponderRelease={[Function]}
            onResponderTerminate={[Function]}
            onResponderTerminationRequest={[Function]}
            onStartShouldSetResponder={[Function]}
            style={
              {
                "opacity": 1,
              }
            }
          >
            <View
              style={
                [
                  {},
                ]
              }
            >
              <Text
                style={
                  [
                    {
                      "color": "#007AFF",
                      "fontSize": 18,
                      "margin": 8,
                      "textAlign": "center",
                    },
                  ]
                }
              >
                =
              </Text>
            </View>
          </View>
          <View
            accessibilityState={
              {
                "busy": undefined,
                "checked": undefined,
                "disabled": undefined,
                "expanded": undefined,
                "selected": undefined,
              }
            }
            accessibilityValue={
              {
                "max": undefined,
                "min": undefined,
                "now": undefined,
                "text": undefined,
              }
            }
            accessible={true}
            collapsable={false}
            focusable={true}
            onClick={[Function]}
            onResponderGrant={[Function]}
            onResponderMove={[Function]}
            onResponderRelease={[Function]}
            onResponderTerminate={[Function]}
            onResponderTerminationRequest={[Function]}
            onStartShouldSetResponder={[Function]}
            style={
              {
                "backgroundColor": "yellow",
                "borderColor": "black",
                "borderWidth": 1,
                "justifyContent": "space-evenly",
                "opacity": 1,
                "width": "100%",
              }
            }
          >
            <Text>
              AC
            </Text>
          </View>
          <View
            accessibilityRole="button"
            accessibilityState={
              {
                "busy": undefined,
                "checked": undefined,
                "disabled": undefined,
                "expanded": undefined,
                "selected": undefined,
              }
            }
            accessibilityValue={
              {
                "max": undefined,
                "min": undefined,
                "now": undefined,
                "text": undefined,
              }
            }
            accessible={true}
            collapsable={false}
            focusable={true}
            onClick={[Function]}
            onResponderGrant={[Function]}
            onResponderMove={[Function]}
            onResponderRelease={[Function]}
            onResponderTerminate={[Function]}
            onResponderTerminationRequest={[Function]}
            onStartShouldSetResponder={[Function]}
            style={
              {
                "opacity": 1,
              }
            }
          >
            <View
              style={
                [
                  {},
                ]
              }
            >
              <Text
                style={
                  [
                    {
                      "color": "#007AFF",
                      "fontSize": 18,
                      "margin": 8,
                      "textAlign": "center",
                    },
                  ]
                }
              >
                Clear History
              </Text>
            </View>
          </View>
        </View>
      </View>
    </View>
    <View
      accessibilityRole="button"
      accessibilityState={
        {
          "busy": undefined,
          "checked": undefined,
          "disabled": undefined,
          "expanded": undefined,
          "selected": undefined,
        }
      }
      accessibilityValue={
        {
          "max": undefined,
          "min": undefined,
          "now": undefined,
          "text": undefined,
        }
      }
      accessible={true}
      collapsable={false}
      focusable={false}
      onClick={[Function]}
      onResponderGrant={[Function]}
      onResponderMove={[Function]}
      onResponderRelease={[Function]}
      onResponderTerminate={[Function]}
      onResponderTerminationRequest={[Function]}
      onStartShouldSetResponder={[Function]}
      style={
        {
          "opacity": 1,
        }
      }
    >
      <View
        style={
          [
            {},
          ]
        }
      >
        <Text
          style={
            [
              {
                "color": "#007AFF",
                "fontSize": 18,
                "margin": 8,
                "textAlign": "center",
              },
            ]
          }
        >
          Touch Me
        </Text>
      </View>
    </View>
  </View>
</RCTSafeAreaView>
`;
